automount suppressed: ENV{ID_SERIAL_SHORT}=="2797824271339930", ENV{UDISKS_IGNORE}="1", ENV{UDISKS_AUTO}="0"
+ unpacking ArchLinuxARM-aarch64-latest.tar.gz
gpg: /etc/pacman.d/gnupg/trustdb.gpg: trustdb created
gpg: no ultimately trusted keys found
gpg: starting migration from earlier GnuPG versions
gpg: porting secret keys from '/etc/pacman.d/gnupg/secring.gpg' to gpg-agent
gpg: migration succeeded
==> Generating pacman master key. This may take some time.
gpg: Generating pacman keyring master key...
gpg: directory '/etc/pacman.d/gnupg/openpgp-revocs.d' created
gpg: revocation certificate stored as '/etc/pacman.d/gnupg/openpgp-revocs.d/CEC0CC93BB11E2DFCF996792DE20F326F0D710EB.rev'
gpg: Done
==> Updating trust database...
gpg: marginals needed: 3  completes needed: 1  trust model: pgp
gpg: depth: 0  valid:   1  signed:   0  trust: 0-, 0q, 0n, 0m, 0f, 1u
==> Appending keys from archlinuxarm.gpg...
==> Locally signing trusted keys in keyring...
  -> Locally signed 1 key.
==> Importing owner trust values...
gpg: inserting ownertrust of 4
==> Updating trust database...
gpg: marginals needed: 3  completes needed: 1  trust model: pgp
gpg: depth: 0  valid:   1  signed:   1  trust: 0-, 0q, 0n, 0m, 0f, 1u
gpg: depth: 1  valid:   1  signed:   0  trust: 0-, 0q, 0n, 1m, 0f, 0u
:: Synchronizing package databases...
 core downloading...
 extra downloading...
 alarm downloading...
 aur downloading...
warning: archlinuxarm-keyring-20240419-2 is up to date -- reinstalling
resolving dependencies...
looking for conflicting packages...

Packages (1) archlinuxarm-keyring-20240419-2

Total Download Size:   0.00 MiB
Total Installed Size:  0.00 MiB
Net Upgrade Size:      0.00 MiB

:: Proceed with installation? [Y/n] 
:: Retrieving packages...
 archlinuxarm-keyring-20240419-2-any downloading...
checking keyring...
checking package integrity...
loading package files...
checking for file conflicts...
checking available disk space...
:: Processing package changes...
reinstalling archlinuxarm-keyring...
==> Appending keys from archlinuxarm.gpg...
==> Updating trust database...
gpg: no need for a trustdb check
:: Running post-transaction hooks...
(1/1) Arming ConditionNeedsUpdate...

Packages (1) linux-aarch64-7.1.6-1

Total Removed Size:  348.18 MiB

:: Do you want to remove these packages? [Y/n] 
:: Processing package changes...
removing linux-aarch64...
:: Running post-transaction hooks...
(1/3) Arming ConditionNeedsUpdate...
(2/3) Updating module dependencies...
(3/3) Updating linux initcpios...
:: Starting full system upgrade...
resolving dependencies...
looking for conflicting packages...

Packages (69) archlinux-keyring-20260909-1  bash-5.3.20-1  ca-certificates-mozilla-3.129-1  cryptsetup-2.8.8-1  curl-8.22.0-1  device-mapper-2.03.42-1  dhcpcd-10.5.2-1  expat-2.8.5-1  gnupg-2.4.9-3  gnutls-3.8.13-3  gpgme-2.2.0-1  gpm-1.20.7.r38.ge82d1a6-7  gzip-1.15-1  hwdata-0.411-1  iana-etc-20260617-1  iproute2-7.2.0-1  jansson-2.15.1-1  leancrypto-1.9.0-1  libcap-ng-0.9.6-1  libelf-0.196-1  libffi-3.8.0-1  libgcrypt-1.12.4-1  libksba-1.8.1-1  libldap-2.7.1-1  libmakepkg-dropins-20-2  libnftnl-1.3.2-1  libp11-kit-0.26.5-1  libpcap-1.11.0-1  libsecret-0.21.8.2-1  libsysprof-capture-50.0-6  libtirpc-1.3.8-1  libxml2-2.15.4-1  linux-api-headers-7.2-1  linux-firmware-20260916-1  linux-firmware-amd-20260916-1  linux-firmware-amdgpu-20260916-1  linux-firmware-atheros-20260916-1  linux-firmware-broadcom-20260916-1  linux-firmware-cirrus-20260916-1  linux-firmware-intel-20260916-1  linux-firmware-mediatek-20260916-1  linux-firmware-nvidia-20260916-1  linux-firmware-other-20260916-1  linux-firmware-radeon-20260916-1  linux-firmware-realtek-20260916-1  linux-firmware-ti-20260916-1  linux-firmware-whence-20260916-1  mkinitcpio-42-1  nano-9.2-1  nftables-1:1.1.7-3  openssh-10.5p1-1  openssl-3.6.4-1  p11-kit-0.26.5-1  pcre2-10.48-1  procps-ng-4.0.7-1  readline-8.3.6-1  sed-4.10-2  systemd-261.3-1  systemd-libs-261.3-1  systemd-resolvconf-261.3-1  systemd-sysvcompat-261.3-1  tar-1.35-5  tpm2-tss-4.2.0-2  tzdata-2026d-1  util-linux-2.42.4-1  util-linux-libs-2.42.4-1  vim-9.2.1046-1  vim-runtime-9.2.1046-1  xz-5.8.4-1

Total Download Size:    331.72 MiB
Total Installed Size:  1280.50 MiB
Net Upgrade Size:        38.22 MiB

:: Proceed with installation? [Y/n] 
:: Retrieving packages...
 linux-firmware-nvidia-20260916-1-any downloading...
 linux-firmware-intel-20260916-1-any downloading...
 linux-firmware-atheros-20260916-1-any downloading...
 linux-firmware-mediatek-20260916-1-any downloading...
 linux-firmware-amdgpu-20260916-1-any downloading...
 linux-firmware-other-20260916-1-any downloading...
 systemd-261.3-1-aarch64 downloading...
 linux-firmware-broadcom-20260916-1-any downloading...
 vim-runtime-9.2.1046-1-aarch64 downloading...
 util-linux-2.42.4-1-aarch64 downloading...
 openssl-3.6.4-1-aarch64 downloading...
 linux-firmware-realtek-20260916-1-any downloading...
 gnupg-2.4.9-3-aarch64 downloading...
 systemd-libs-261.3-1-aarch64 downloading...
 linux-firmware-ti-20260916-1-any downloading...
 vim-9.2.1046-1-aarch64 downloading...
 bash-5.3.20-1-aarch64 downloading...
 gnutls-3.8.13-3-aarch64 downloading...
 hwdata-0.411-1-any downloading...
 linux-api-headers-7.2-1-aarch64 downloading...
 leancrypto-1.9.0-1-aarch64 downloading...
 curl-8.22.0-1-aarch64 downloading...
 archlinux-keyring-20260909-1-any downloading...
 pcre2-10.48-1-aarch64 downloading...
 openssh-10.5p1-1-aarch64 downloading...
 iproute2-7.2.0-1-aarch64 downloading...
 procps-ng-4.0.7-1-aarch64 downloading...
 tpm2-tss-4.2.0-2-aarch64 downloading...
 linux-firmware-radeon-20260916-1-any downloading...
 xz-5.8.4-1-aarch64 downloading...
 cryptsetup-2.8.8-1-aarch64 downloading...
 tar-1.35-5-aarch64 downloading...
 libxml2-2.15.4-1-aarch64 downloading...
 nano-9.2-1-aarch64 downloading...
 libgcrypt-1.12.4-1-aarch64 downloading...
 libelf-0.196-1-aarch64 downloading...
 util-linux-libs-2.42.4-1-aarch64 downloading...
 linux-firmware-amd-20260916-1-any downloading...
 linux-firmware-cirrus-20260916-1-any downloading...
 libp11-kit-0.26.5-1-aarch64 downloading...
 readline-8.3.6-1-aarch64 downloading...
 nftables-1:1.1.7-3-aarch64 downloading...
 iana-etc-20260617-1-any downloading...
 ca-certificates-mozilla-3.129-1-aarch64 downloading...
 gpgme-2.2.0-1-aarch64 downloading...
 libpcap-1.11.0-1-aarch64 downloading...
 tzdata-2026d-1-aarch64 downloading...
 device-mapper-2.03.42-1-aarch64 downloading...
 libldap-2.7.1-1-aarch64 downloading...
 p11-kit-0.26.5-1-aarch64 downloading...
 sed-4.10-2-aarch64 downloading...
 dhcpcd-10.5.2-1-aarch64 downloading...
 libsecret-0.21.8.2-1-aarch64 downloading...
 libtirpc-1.3.8-1-aarch64 downloading...
 libksba-1.8.1-1-aarch64 downloading...
 gpm-1.20.7.r38.ge82d1a6-7-aarch64 downloading...
 expat-2.8.5-1-aarch64 downloading...
 gzip-1.15-1-aarch64 downloading...
 jansson-2.15.1-1-aarch64 downloading...
 mkinitcpio-42-1-any downloading...
 libcap-ng-0.9.6-1-aarch64 downloading...
 libnftnl-1.3.2-1-aarch64 downloading...
 libffi-3.8.0-1-aarch64 downloading...
 libsysprof-capture-50.0-6-aarch64 downloading...
 linux-firmware-whence-20260916-1-any downloading...
 systemd-sysvcompat-261.3-1-aarch64 downloading...
 libmakepkg-dropins-20-2-any downloading...
 systemd-resolvconf-261.3-1-aarch64 downloading...
 linux-firmware-20260916-1-any downloading...
checking keyring...
checking package integrity...
loading package files...
checking for file conflicts...
checking available disk space...
:: Running pre-transaction hooks...
(1/1) Marking sshd.service for restart...
System has not been booted with systemd as init system (PID 1). Can't operate.
Failed to connect to system scope bus via local transport: Host is down
error: command failed to execute correctly
:: Processing package changes...
upgrading linux-api-headers...
upgrading tzdata...
upgrading iana-etc...
upgrading readline...
upgrading bash...
upgrading xz...
upgrading openssl...
upgrading libffi...
upgrading libp11-kit...
upgrading libgcrypt...
upgrading systemd-libs...
upgrading libldap...
upgrading util-linux-libs...
upgrading libtirpc...
upgrading libcap-ng...
upgrading p11-kit...
upgrading ca-certificates-mozilla...
upgrading leancrypto...
upgrading gnutls...
upgrading curl...
upgrading libksba...
upgrading tpm2-tss...
warning: /etc/tpm2-tss/fapi-profiles/P_ECCP384SHA384.json installed as /etc/tpm2-tss/fapi-profiles/P_ECCP384SHA384.json.pacnew
warning: /etc/tpm2-tss/fapi-profiles/P_RSA3072SHA384.json installed as /etc/tpm2-tss/fapi-profiles/P_RSA3072SHA384.json.pacnew
upgrading libsysprof-capture...
upgrading pcre2...
upgrading libsecret...
upgrading gnupg...
upgrading gpgme...
upgrading sed...
upgrading libelf...
upgrading jansson...
upgrading libmakepkg-dropins...
upgrading device-mapper...
upgrading cryptsetup...
upgrading hwdata...
upgrading util-linux...
upgrading expat...
upgrading gzip...
New optional dependencies for gzip
    grep: zegrep/zfgrep/zforce/zgrep support [installed]
upgrading systemd...
warning: directory permissions differ on /var/log/journal/
filesystem: 755  package: 2755
upgrading libxml2...
upgrading archlinux-keyring...
==> Appending keys from archlinux.gpg...
==> Locally signing trusted keys in keyring...
  -> Locally signed 5 keys.
==> Importing owner trust values...
gpg: setting ownertrust to 4
gpg: setting ownertrust to 4
gpg: setting ownertrust to 4
gpg: inserting ownertrust of 4
gpg: setting ownertrust to 4
==> Disabling revoked keys in keyring...
  -> Disabled 38 keys.
==> Updating trust database...
gpg: Note: third-party key signatures using the SHA1 algorithm are rejected
gpg: (use option "--allow-weak-key-signatures" to override)
gpg: marginals needed: 3  completes needed: 1  trust model: pgp
gpg: depth: 0  valid:   1  signed:   6  trust: 0-, 0q, 0n, 0m, 0f, 1u
gpg: depth: 1  valid:   6  signed:  89  trust: 0-, 0q, 0n, 6m, 0f, 0u
gpg: depth: 2  valid:  78  signed:  18  trust: 78-, 0q, 0n, 0m, 0f, 0u
gpg: next trustdb check due at 2026-10-26
upgrading dhcpcd...
upgrading procps-ng...
upgrading gpm...
upgrading libnftnl...
upgrading libpcap...
upgrading nftables...
upgrading iproute2...
upgrading linux-firmware-whence...
installing linux-firmware-amd...
upgrading linux-firmware-amdgpu...
upgrading linux-firmware-atheros...
upgrading linux-firmware-broadcom...
upgrading linux-firmware-cirrus...
upgrading linux-firmware-intel...
upgrading linux-firmware-mediatek...
upgrading linux-firmware-nvidia...
upgrading linux-firmware-other...
upgrading linux-firmware-radeon...
upgrading linux-firmware-realtek...
installing linux-firmware-ti...
upgrading linux-firmware...
upgrading mkinitcpio...
upgrading nano...
upgrading openssh...
upgrading systemd-resolvconf...
upgrading systemd-sysvcompat...
upgrading tar...
==> NOTICE: tar backup/restore scripts have been moved
==>
==>   The 'tar' package no longer ships the helper scripts
==>   /usr/bin/backup and /usr/bin/restore.
==>
==>   If you rely on these tools, install them separately with:
==>
==>       $ pacman -S tar-scripts
==>
==>   The core 'tar' archiving utility itself is unaffected.
upgrading vim-runtime...
upgrading vim...
:: Running post-transaction hooks...
( 1/14) Creating system user accounts...
( 2/14) Creating temporary files...
/usr/lib/tmpfiles.d/journal-nocow.conf:26: Failed to resolve specifier: uninitialized /etc/ detected, skipping.
All rules containing unresolvable specifiers will be skipped.
( 3/14) Updating journal message catalog...
( 4/14) Updating udev hardware database...
( 5/14) Applying kernel sysctl settings...
Failed to check for chroot() environment: Permission denied
  Skipped: Current root is not booted.
( 6/14) Reloading system manager configuration...
Failed to check for chroot() environment: Permission denied
  Skipped: Current root is not booted.
( 7/14) Reloading user manager configuration...
Failed to check for chroot() environment: Permission denied
  Skipped: Current root is not booted.
( 8/14) Enqueuing marked services...
Failed to check for chroot() environment: Permission denied
  Skipped: Current root is not booted.
( 9/14) Reloading device manager configuration...
Failed to check for chroot() environment: Permission denied
  Skipped: Current root is not booted.
(10/14) Arming ConditionNeedsUpdate...
(11/14) Rebuilding certificate stores...
(12/14) Restart a running sshd.service
Failed to check for chroot() environment: Permission denied
  Skipped: Current root is not booted.
(13/14) Updating linux initcpios...
(14/14) Reloading system bus configuration...
Failed to check for chroot() environment: Permission denied
  Skipped: Current root is not booted.
warning: openssh-10.5p1-1 is up to date -- skipping
warning: linux-firmware-realtek-20260916-1 is up to date -- skipping
warning: vim-9.2.1046-1 is up to date -- skipping
resolving dependencies...
looking for conflicting packages...

Packages (26) duktape-2.7.0-7  libdaemon-0.14-6  libmm-glib-1.24.2-1  libndp-1.9-1  libnewt-0.52.25-2  libnm-1.58.1-1  libpgm-5.3.128-4  libsodium-1.0.22-1  libteam-1.32-3  mobile-broadband-provider-info-20251101-1  nspr-4.40-1  nss-3.129-1  pcre-8.45-5  pcsclite-2.5.2-1  polkit-127-3  slang-2.3.3-4  wpa_supplicant-2:2.12-1  zeromq-4.3.5-3  avahi-1:0.9rc5-1  htop-3.5.3-1  iw-6.17-1  less-1:710-1  networkmanager-1.58.1-1  nss-mdns-0.15.1-2  sudo-1.9.17.p2-6  wireless-regdb-2026.09.03-1

Total Download Size:   14.11 MiB
Total Installed Size:  81.71 MiB

:: Proceed with installation? [Y/n] 
:: Retrieving packages...
 networkmanager-1.58.1-1-aarch64 downloading...
 wpa_supplicant-2:2.12-1-aarch64 downloading...
 sudo-1.9.17.p2-6-aarch64 downloading...
 nss-3.129-1-aarch64 downloading...
 pcre-8.45-5-aarch64 downloading...
 libnm-1.58.1-1-aarch64 downloading...
 slang-2.3.3-4-aarch64 downloading...
 libmm-glib-1.24.2-1-aarch64 downloading...
 zeromq-4.3.5-3-aarch64 downloading...
 avahi-1:0.9rc5-1-aarch64 downloading...
 polkit-127-3-aarch64 downloading...
 nspr-4.40-1-aarch64 downloading...
 libpgm-5.3.128-4-aarch64 downloading...
 duktape-2.7.0-7-aarch64 downloading...
 libsodium-1.0.22-1-aarch64 downloading...
 less-1:710-1-aarch64 downloading...
 htop-3.5.3-1-aarch64 downloading...
 libteam-1.32-3-aarch64 downloading...
 iw-6.17-1-aarch64 downloading...
 pcsclite-2.5.2-1-aarch64 downloading...
 libnewt-0.52.25-2-aarch64 downloading...
 mobile-broadband-provider-info-20251101-1-any downloading...
 libdaemon-0.14-6-aarch64 downloading...
 libndp-1.9-1-aarch64 downloading...
 nss-mdns-0.15.1-2-aarch64 downloading...
 wireless-regdb-2026.09.03-1-any downloading...
checking keyring...
checking package integrity...
loading package files...
checking for file conflicts...
checking available disk space...
:: Processing package changes...
installing libmm-glib...
installing libndp...
installing pcre...
installing slang...
installing libnewt...
Optional dependencies for libnewt
    python: libnewt support with the _snack module
    tcl: whiptcl support
installing nspr...
installing nss...
installing libnm...
installing libdaemon...
installing libsodium...
installing libpgm...
installing zeromq...
Optional dependencies for zeromq
    cppzmq: C++ binding for libzmq
installing libteam...
installing mobile-broadband-provider-info...
installing duktape...
installing polkit...
installing pcsclite...
Optional dependencies for pcsclite
    python: API call trace logging with the pcsc-spy
    ccid: USB Chip/Smart Card Interface Devices driver
installing wpa_supplicant...
installing networkmanager...
Optional dependencies for networkmanager
    bluez: Bluetooth support
    dhcpcd: alternative DHCP client [installed]
    dnsmasq: connection sharing
    firewalld: firewall support
    iptables: connection sharing [installed]
    iwd: wpa_supplicant alternative
    libnvme: NBFT support
    modemmanager: cellular network support
    nftables: connection sharing [installed]
    openresolv: alternative resolv.conf manager [installed]
    pacrunner: PAC proxy support
    polkit: let non-root users control networking [installed]
    ppp: dialup connection support
installing sudo...
installing avahi...
Optional dependencies for avahi
    gtk3: avahi-discover, avahi-discover-standalone, bshell, bssh, bvnc
    libevent: libevent bindings [installed]
    nss-mdns: NSS support for mDNS [pending]
    python-dbus: avahi-bookmarks, avahi-discover
    python-gobject: avahi-bookmarks, avahi-discover
    python-twisted: avahi-bookmarks
installing nss-mdns...
installing iw...
installing wireless-regdb...
installing less...
installing htop...
Optional dependencies for htop
    lm_sensors: show cpu temperatures
    lsof: show files opened by a process
    strace: attach to a running process
:: Running post-transaction hooks...
(1/7) Creating system user accounts...
Creating group 'polkitd' with GID 102.
Creating group 'avahi' with GID 968.
Creating user 'avahi' (Avahi mDNS/DNS-SD daemon) with UID 968 and GID 968.
Creating group 'pcscd' with GID 967.
Creating user 'pcscd' (PC/SC Smart Card Daemon) with UID 967 and GID 967.
Creating user 'polkitd' (User for polkitd) with UID 102 and GID 102.
(2/7) Creating temporary files...
/usr/lib/tmpfiles.d/journal-nocow.conf:26: Failed to resolve specifier: uninitialized /etc/ detected, skipping.
All rules containing unresolvable specifiers will be skipped.
(3/7) Reloading system manager configuration...
Failed to check for chroot() environment: Permission denied
  Skipped: Current root is not booted.
(4/7) Reloading device manager configuration...
Failed to check for chroot() environment: Permission denied
  Skipped: Current root is not booted.
(5/7) Arming ConditionNeedsUpdate...
(6/7) Updating linux initcpios...
(7/7) Reloading system bus configuration...
Failed to check for chroot() environment: Permission denied
  Skipped: Current root is not booted.
loading packages...
resolving dependencies...
looking for conflicting packages...

Packages (3) raytone-thor-core-39.2.1-1  raytone-thor-firmware-39.2.1-1  raytone-thor-linux-6.8.12.l4t39.2.1-1

Total Installed Size:  279.54 MiB

:: Proceed with installation? [Y/n] 
checking keyring...
checking package integrity...
loading package files...
checking for file conflicts...
checking available disk space...
:: Processing package changes...
installing raytone-thor-firmware...
installing raytone-thor-linux...
installing raytone-thor-core...
:: Running post-transaction hooks...
(1/7) Creating system user accounts...
Creating group 'trusty' with GID 966.
Creating group 'crypto' with GID 965.
(2/7) Reloading system manager configuration...
Failed to check for chroot() environment: Permission denied
  Skipped: Current root is not booted.
(3/7) Reloading device manager configuration...
Failed to check for chroot() environment: Permission denied
  Skipped: Current root is not booted.
(4/7) Arming ConditionNeedsUpdate...
(5/7) Loading new kernel modules...
System has not been booted with systemd as init system (PID 1). Can't operate.
Failed to connect to system scope bus via local transport: Host is down
error: command failed to execute correctly
(6/7) Updating module dependencies...
(7/7) Updating linux initcpios...
==> Building image from preset: /etc/mkinitcpio.d/raytone-thor-linux.preset: 'default'
==> Using default configuration file: '/etc/mkinitcpio.conf'
  -> -k /boot/vmlinuz-raytone-thor-linux -g /boot/initramfs-raytone-thor-linux.img
==> Using drop-in configuration file: 'raytone-thor.conf'
==> Starting build: '6.8.12-1021-tegra'
  -> Running build hook: [base]
  -> Running build hook: [udev]
  -> Running build hook: [modconf]
  -> Running build hook: [block]
==> WARNING: Possibly missing firmware for module: 'xhci_pci'
  -> Running build hook: [filesystems]
  -> Running build hook: [fsck]
==> Generating module dependencies
==> Creating gzip-compressed initcpio image: '/boot/initramfs-raytone-thor-linux.img'
  -> Early uncompressed CPIO image generation successful
==> Initcpio image generation successful
Generating locales...
  en_US.UTF-8... done
Generation complete.
userdel: alarm mail spool (/var/spool/mail/alarm) not found
passwd: password changed.
Created symlink '/etc/systemd/system/multi-user.target.wants/NetworkManager.service' → '/usr/lib/systemd/system/NetworkManager.service'.
Created symlink '/etc/systemd/system/dbus-org.freedesktop.nm-dispatcher.service' → '/usr/lib/systemd/system/NetworkManager-dispatcher.service'.
Created symlink '/etc/systemd/system/network-online.target.wants/NetworkManager-wait-online.service' → '/usr/lib/systemd/system/NetworkManager-wait-online.service'.
Created symlink '/etc/systemd/system/dbus-org.freedesktop.Avahi.service' → '/usr/lib/systemd/system/avahi-daemon.service'.
Created symlink '/etc/systemd/system/multi-user.target.wants/avahi-daemon.service' → '/usr/lib/systemd/system/avahi-daemon.service'.
Created symlink '/etc/systemd/system/sockets.target.wants/avahi-daemon.socket' → '/usr/lib/systemd/system/avahi-daemon.socket'.
Created symlink '/etc/systemd/system/sysinit.target.wants/raytone-deadman.timer' → '/etc/systemd/system/raytone-deadman.timer'.
Created symlink '/etc/systemd/system/sysinit.target.wants/raytone-boot-start.service' → '/etc/systemd/system/raytone-boot-start.service'.
Created symlink '/etc/systemd/system/multi-user.target.wants/raytone-boot-marker.service' → '/etc/systemd/system/raytone-boot-marker.service'.
Created symlink '/etc/systemd/system/multi-user.target.wants/raytone-thermal-guard.service' → '/etc/systemd/system/raytone-thermal-guard.service'.
Created symlink '/etc/systemd/system/multi-user.target.wants/nv-load-display-modules.service' → '/usr/lib/systemd/system/nv-load-display-modules.service'.
Created symlink '/etc/systemd/system/multi-user.target.wants/nvfancontrol.service' → '/usr/lib/systemd/system/nvfancontrol.service'.
Created symlink '/etc/systemd/system/multi-user.target.wants/nvpmodel.service' → '/usr/lib/systemd/system/nvpmodel.service'.
Created symlink '/etc/systemd/system/multi-user.target.wants/nvpower.service' → '/usr/lib/systemd/system/nvpower.service'.
ssh-keygen: generating new host keys: RSA ECDSA ED25519 MLDSA44-ED25519 
verified: kernel, modules index, board links, units, sudoers, sshd configuration
installed: Arch Linux ARM root on /dev/sda2 (PARTUUID=ca5a56c6-4a4b-4e02-8183-ff166514ae3b)
