automount suppressed: ENV{ID_SERIAL_SHORT}=="2797824271339930", ENV{UDISKS_IGNORE}="1", ENV{UDISKS_AUTO}="0"
==> Appending keys from archlinuxarm.gpg...
==> Updating trust database...
gpg: next trustdb check due at 2026-10-26
:: Synchronizing package databases...
 core downloading...
 extra downloading...
 alarm downloading...
 aur downloading...
warning: archlinuxarm-keyring-20240419-2 is up to date -- reinstalling
resolving dependencies...
looking for conflicting packages...

Packages (1) archlinuxarm-keyring-20240419-2

Total Installed Size:  0.00 MiB
Net Upgrade Size:      0.00 MiB

:: Proceed with installation? [Y/n] 
checking keyring...
checking package integrity...
loading package files...
checking for file conflicts...
checking available disk space...
:: Processing package changes...
reinstalling archlinuxarm-keyring...
==> Appending keys from archlinuxarm.gpg...
==> Updating trust database...
gpg: next trustdb check due at 2026-10-26
:: Running post-transaction hooks...
(1/1) Arming ConditionNeedsUpdate...
:: Starting full system upgrade...
 there is nothing to do
warning: networkmanager-1.58.1-1 is up to date -- skipping
warning: openssh-10.5p1-1 is up to date -- skipping
warning: sudo-1.9.17.p2-6 is up to date -- skipping
warning: avahi-1:0.9rc5-1 is up to date -- skipping
warning: nss-mdns-0.15.1-2 is up to date -- skipping
warning: linux-firmware-realtek-20260916-1 is up to date -- skipping
warning: wireless-regdb-2026.09.03-1 is up to date -- skipping
warning: iw-6.17-1 is up to date -- skipping
warning: vim-9.2.1046-1 is up to date -- skipping
warning: less-1:710-1 is up to date -- skipping
warning: htop-3.5.3-1 is up to date -- skipping
 there is nothing to do
warning: raytone-thor-firmware-39.2.1-2 is up to date -- skipping
warning: raytone-thor-linux-6.8.12.l4t39.2.1-2 is up to date -- skipping
warning: raytone-thor-core-39.2.1-2 is up to date -- skipping
loading packages...
resolving dependencies...
looking for conflicting packages...

Packages (1) raytone-thor-leetop-nic-2026.09.18-1

Total Installed Size:  8.58 MiB

:: Proceed with installation? [Y/n] 
checking keyring...
checking package integrity...
loading package files...
checking for file conflicts...
checking available disk space...
:: Processing package changes...
installing raytone-thor-leetop-nic...
:: Running post-transaction hooks...
(1/2) Arming ConditionNeedsUpdate...
(2/2) Updating module dependencies...
Generating locales...
  en_US.UTF-8... done
Generation complete.
passwd: password changed.
Created symlink '/etc/systemd/system/systemd-networkd.service' → '/dev/null'.
Created symlink '/etc/systemd/system/systemd-networkd.socket' → '/dev/null'.
Created symlink '/etc/systemd/system/systemd-networkd-wait-online.service' → '/dev/null'.
verified: kernel, modules index, board links, units, sudoers, sshd configuration
installed: Arch Linux ARM root on /dev/sda2 (PARTUUID=ca5a56c6-4a4b-4e02-8183-ff166514ae3b)
